// Jest Snapshot v1, https://goo.gl/fbAQLP

exports[`Matches snapshot 1`] = `
<div
  className="button-style"
  data-testid="button"
>
  Save
</div>
`;
